Building image im-IKUWXtLLYe0IdwUWGl114B

=> Step 0: FROM base

=> Step 1: COPY --from=ghcr.io/astral-sh/uv:latest /uv /.uv/uv
Getting image source signatures
Copying blob sha256:788dd9aef29e3de18dc5b0e9d3d01eb448d8963d57ce5a0dd33149e2714272d5
Copying blob sha256:7445d66de2378275b55f712aedb693474de22c09b1a32c55e3d3bd46d2f4f4c9
Copying config sha256:17c878e0974e1e0c450b21fa0fd3ad4bfeda10e1d7c599337f85f837d9113555
Writing manifest to image destination
Unpacking OCI image
   • unpacking rootfs ...     
   • ... done                 
   • unpacked image rootfs: /tmp/.tmpMuc29Q

=> Step 2: RUN /.uv/uv pip install --python $(command -v python) --compile-bytecode accelerate boto3 'diffusers>=0.34.0' 'fastapi[standard]' ftfy 'huggingface_hub[hf_transfer]' imageio imageio-ffmpeg pillow protobuf safetensors sentencepiece torch==2.7.1 'transformers>=4.46.0'
Using Python 3.11.12 environment at: /usr/local
Resolved 94 packages in 679ms
Downloading transformers (11.1MiB)
Downloading nvidia-cudnn-cu12 (544.5MiB)
Downloading nvidia-cublas-cu12 (374.9MiB)
Downloading nvidia-cusparse-cu12 (206.5MiB)
Downloading nvidia-nccl-cu12 (192.0MiB)
Downloading nvidia-cufft-cu12 (190.9MiB)
Downloading nvidia-cusolver-cu12 (150.9MiB)
Downloading nvidia-cusparselt-cu12 (149.5MiB)
Downloading nvidia-curand-cu12 (53.7MiB)
Downloading imageio-ffmpeg (28.1MiB)
Downloading nvidia-cuda-nvrtc-cu12 (22.6MiB)
Downloading nvidia-nvjitlink-cu12 (18.8MiB)
Downloading botocore (14.8MiB)
Downloading nvidia-cuda-cupti-cu12 (8.5MiB)
Downloading numpy (16.1MiB)
Downloading pillow (6.6MiB)
Downloading sympy (6.0MiB)
Downloading triton (148.5MiB)
Downloading torch (783.1MiB)
Downloading uvloop (3.6MiB)
Downloading tokenizers (3.1MiB)
Downloading pygments (1.2MiB)
Downloading pydantic-core (2.0MiB)
Downloading diffusers (5.4MiB)
Downloading networkx (2.0MiB)
Downloading nvidia-cufile-cu12 (1.1MiB)
Downloading sentencepiece (1.3MiB)
Downloading hf-xet (4.3MiB)
 Downloaded nvidia-cufile-cu12
 Downloaded pydantic-core
 Downloaded hf-xet
 Downloaded sentencepiece
 Downloaded nvidia-nvjitlink-cu12
 Downloaded tokenizers
 Downloaded nvidia-cuda-nvrtc-cu12
 Downloaded imageio-ffmpeg
 Downloaded nvidia-cuda-cupti-cu12
 Downloaded uvloop
 Downloaded nvidia-curand-cu12
 Downloaded nvidia-cufft-cu12
 Downloaded pillow
 Downloaded nvidia-cusparselt-cu12
 Downloaded nvidia-cusolver-cu12
 Downloaded nvidia-nccl-cu12
 Downloaded nvidia-cusparse-cu12
 Downloaded pygments
 Downloaded nvidia-cublas-cu12
 Downloaded triton
 Downloaded networkx
 Downloaded nvidia-cudnn-cu12
 Downloaded diffusers
 Downloaded numpy
 Downloaded sympy
 Downloaded botocore
 Downloaded transformers
 Downloaded torch
Prepared 93 packages in 22.70s
Installed 93 packages in 1.37s
Bytecode compiled 10888 files in 2.31s
 + accelerate==1.14.0
 + annotated-doc==0.0.5
 + annotated-types==0.8.0
 + anyio==4.14.2
 + boto3==1.43.64
 + botocore==1.43.64
 + certifi==2026.7.22
 + charset-normalizer==3.4.9
 + click==8.4.2
 + detect-installer==0.1.0
 + diffusers==0.39.0
 + dnspython==2.8.0
 + email-validator==2.3.0
 + fastapi==0.141.1
 + fastapi-cli==0.0.32
 + fastapi-cloud-cli==0.23.0
 + fastar==0.11.0
 + filelock==3.32.2
 + fsspec==2026.7.0
 + ftfy==6.3.1
 + h11==0.16.0
 + hf-xet==1.6.0
 + httpcore==1.0.9
 + httptools==0.8.0
 + httpx==0.28.1
 + huggingface-hub==1.26.0
 + idna==3.18
 + imageio==2.37.4
 + imageio-ffmpeg==0.6.0
 + importlib-metadata==9.0.0
 + jinja2==3.1.6
 + jmespath==1.1.0
 + markdown-it-py==4.2.0
 + markupsafe==3.0.3
 + mdurl==0.1.2
 + mpmath==1.3.0
 + networkx==3.6.1
 + numpy==2.4.6
 + nvidia-cublas-cu12==12.6.4.1
 + nvidia-cuda-cupti-cu12==12.6.80
 + nvidia-cuda-nvrtc-cu12==12.6.77
 + nvidia-cuda-runtime-cu12==12.6.77
 + nvidia-cudnn-cu12==9.5.1.17
 + nvidia-cufft-cu12==11.3.0.4
 + nvidia-cufile-cu12==1.11.1.6
 + nvidia-curand-cu12==10.3.7.77
 + nvidia-cusolver-cu12==11.7.1.2
 + nvidia-cusparse-cu12==12.5.4.2
 + nvidia-cusparselt-cu12==0.6.3
 + nvidia-nccl-cu12==2.26.2
 + nvidia-nvjitlink-cu12==12.6.85
 + nvidia-nvtx-cu12==12.6.77
 + packaging==26.3
 + pillow==12.3.0
 + protobuf==7.35.1
 + psutil==7.2.2
 + pydantic==2.13.4
 + pydantic-core==2.46.4
 + pydantic-extra-types==2.11.1
 + pydantic-settings==2.14.2
 + pygments==2.20.0
 + python-dateutil==2.9.0.post0
 + python-dotenv==1.2.2
 + python-multipart==0.0.32
 + pyyaml==6.0.3
 + regex==2026.7.19
 + requests==2.34.2
 + rich==15.0.0
 + rich-toolkit==0.20.3
 + rignore==0.8.1
 + s3transfer==0.19.2
 + safetensors==0.8.0
 + sentencepiece==0.2.2
 + sentry-sdk==2.66.1
 + shellingham==1.5.4
 + six==1.17.0
 + starlette==1.3.1
 + sympy==1.14.0
 + tokenizers==0.22.2
 + torch==2.7.1
 + tqdm==4.70.0
 + transformers==5.14.1
 + triton==3.3.1
 + typer==0.27.1
 + typing-extensions==4.16.0
 + typing-inspection==0.4.2
 + urllib3==2.7.0
 + uvicorn==0.52.1
 + uvloop==0.22.1
 + watchfiles==1.2.0
 + wcwidth==0.8.2
 + websockets==17.0.1
 + zipp==4.1.0
warning: The package `huggingface-hub==1.26.0` does not have an extra named `hf-transfer`
Saving image...
Image saved, took 3.31s

Built image im-IKUWXtLLYe0IdwUWGl114B in 33.49s


✓ Created objects.
├── 🔨 Created mount 
│   /home/runner/work/e5-wan-runner/e5-wan-runner/modal_framepack.py
├── 🔨 Created function render_framepack.
├── 🔨 Created web function kick => 
│   https://iamgodiam--e5-framepack-modal-kick.modal.run
└── 🔨 Created web function stat => 
    https://iamgodiam--e5-framepack-modal-stat.modal.run
✓ App deployed in 38.537s! 🎉

View Deployment: 
https://modal.com/apps/iamgodiam/main/deployed/e5-framepack-modal
